../Core/Src/main.c:111:6:checkState	8	static
../Core/Src/main.c:133:6:HAL_TIM_PeriodElapsedCallback	40	static
../Core/Src/main.c:181:5:main	128	static
../Core/Src/main.c:279:6:SystemClock_Config	96	static
../Core/Src/main.c:329:13:MX_CAN1_Init	48	static
../Core/Src/main.c:382:13:MX_TIM16_Init	8	static
../Core/Src/main.c:414:13:MX_USART2_UART_Init	8	static
../Core/Src/main.c:449:13:MX_GPIO_Init	32	static
../Core/Src/main.c:484:6:HAL_CAN_RxFifo0MsgPendingCallback	16	static
../Core/Src/main.c:509:6:Error_Handler	4	static,ignoring_inline_asm
