../Core/Src/main.c:110:6:checkState	8	static
../Core/Src/main.c:132:6:HAL_TIM_PeriodElapsedCallback	40	static
../Core/Src/main.c:180:5:main	128	static
../Core/Src/main.c:278:6:SystemClock_Config	96	static
../Core/Src/main.c:328:13:MX_CAN1_Init	48	static
../Core/Src/main.c:381:13:MX_TIM16_Init	8	static
../Core/Src/main.c:413:13:MX_USART2_UART_Init	8	static
../Core/Src/main.c:448:13:MX_GPIO_Init	32	static
../Core/Src/main.c:483:6:HAL_CAN_RxFifo0MsgPendingCallback	16	static
../Core/Src/main.c:508:6:Error_Handler	4	static,ignoring_inline_asm
